digest	Set up job	ï»¿2026-01-05T19:33:01.0049336Z Current runner version: '2.330.0'
digest	Set up job	2026-01-05T19:33:01.0078723Z ##[group]Runner Image Provisioner
digest	Set up job	2026-01-05T19:33:01.0079580Z Hosted Compute Agent
digest	Set up job	2026-01-05T19:33:01.0080154Z Version: 20251211.462
digest	Set up job	2026-01-05T19:33:01.0081183Z Commit: 6cbad8c2bb55d58165063d031ccabf57e2d2db61
digest	Set up job	2026-01-05T19:33:01.0081929Z Build Date: 2025-12-11T16:28:49Z
digest	Set up job	2026-01-05T19:33:01.0082541Z Worker ID: {35c08f55-7c48-47ed-95f0-cb0416f3a3f5}
digest	Set up job	2026-01-05T19:33:01.0083346Z ##[endgroup]
digest	Set up job	2026-01-05T19:33:01.0083878Z ##[group]Operating System
digest	Set up job	2026-01-05T19:33:01.0084495Z Ubuntu
digest	Set up job	2026-01-05T19:33:01.0084997Z 24.04.3
digest	Set up job	2026-01-05T19:33:01.0085431Z LTS
digest	Set up job	2026-01-05T19:33:01.0085973Z ##[endgroup]
digest	Set up job	2026-01-05T19:33:01.0086505Z ##[group]Runner Image
digest	Set up job	2026-01-05T19:33:01.0087064Z Image: ubuntu-24.04
digest	Set up job	2026-01-05T19:33:01.0087641Z Version: 20251215.174.1
digest	Set up job	2026-01-05T19:33:01.0088635Z Included Software: https://github.com/actions/runner-images/blob/ubuntu24/20251215.174/images/ubuntu/Ubuntu2404-Readme.md
digest	Set up job	2026-01-05T19:33:01.0090035Z Image Release: https://github.com/actions/runner-images/releases/tag/ubuntu24%2F20251215.174
digest	Set up job	2026-01-05T19:33:01.0091519Z ##[endgroup]
digest	Set up job	2026-01-05T19:33:01.0092712Z ##[group]GITHUB_TOKEN Permissions
digest	Set up job	2026-01-05T19:33:01.0094537Z Contents: write
digest	Set up job	2026-01-05T19:33:01.0095179Z Metadata: read
digest	Set up job	2026-01-05T19:33:01.0095826Z ##[endgroup]
digest	Set up job	2026-01-05T19:33:01.0097970Z Secret source: Actions
digest	Set up job	2026-01-05T19:33:01.0098968Z Prepare workflow directory
digest	Set up job	2026-01-05T19:33:01.0519242Z Prepare all required actions
digest	Set up job	2026-01-05T19:33:01.0576262Z Getting action download info
digest	Set up job	2026-01-05T19:33:01.3645860Z Download action repository 'actions/checkout@v4' (SHA:34e114876b0b11c390a56381ad16ebd13914f8d5)
digest	Set up job	2026-01-05T19:33:01.4553512Z Download action repository 'actions/setup-python@v5' (SHA:a26af69be951a213d495a4c3e4e4022e16d87065)
digest	Set up job	2026-01-05T19:33:01.6437639Z Complete job name: digest
digest	Run actions/checkout@v4	ï»¿2026-01-05T19:33:01.7161750Z ##[group]Run actions/checkout@v4
digest	Run actions/checkout@v4	2026-01-05T19:33:01.7162664Z with:
digest	Run actions/checkout@v4	2026-01-05T19:33:01.7163119Z   repository: joshidikshant/ai-news-digest
digest	Run actions/checkout@v4	2026-01-05T19:33:01.7163879Z   token: ***
digest	Run actions/checkout@v4	2026-01-05T19:33:01.7164272Z   ssh-strict: true
digest	Run actions/checkout@v4	2026-01-05T19:33:01.7164728Z   ssh-user: git
digest	Run actions/checkout@v4	2026-01-05T19:33:01.7165144Z   persist-credentials: true
digest	Run actions/checkout@v4	2026-01-05T19:33:01.7165583Z   clean: true
digest	Run actions/checkout@v4	2026-01-05T19:33:01.7165997Z   sparse-checkout-cone-mode: true
digest	Run actions/checkout@v4	2026-01-05T19:33:01.7166492Z   fetch-depth: 1
digest	Run actions/checkout@v4	2026-01-05T19:33:01.7166884Z   fetch-tags: false
digest	Run actions/checkout@v4	2026-01-05T19:33:01.7167291Z   show-progress: true
digest	Run actions/checkout@v4	2026-01-05T19:33:01.7167701Z   lfs: false
digest	Run actions/checkout@v4	2026-01-05T19:33:01.7168069Z   submodules: false
digest	Run actions/checkout@v4	2026-01-05T19:33:01.7168482Z   set-safe-directory: true
digest	Run actions/checkout@v4	2026-01-05T19:33:01.7169153Z ##[endgroup]
digest	Run actions/checkout@v4	2026-01-05T19:33:01.8253193Z Syncing repository: joshidikshant/ai-news-digest
digest	Run actions/checkout@v4	2026-01-05T19:33:01.8255088Z ##[group]Getting Git version info
digest	Run actions/checkout@v4	2026-01-05T19:33:01.8255982Z Working directory is '/home/runner/work/ai-news-digest/ai-news-digest'
digest	Run actions/checkout@v4	2026-01-05T19:33:01.8257078Z [command]/usr/bin/git version
digest	Run actions/checkout@v4	2026-01-05T19:33:01.8341483Z git version 2.52.0
digest	Run actions/checkout@v4	2026-01-05T19:33:01.8368047Z ##[endgroup]
digest	Run actions/checkout@v4	2026-01-05T19:33:01.8382782Z Temporarily overriding HOME='/home/runner/work/_temp/35c5875a-9a48-4e28-a1de-d832f84b1783' before making global git config changes
digest	Run actions/checkout@v4	2026-01-05T19:33:01.8384216Z Adding repository directory to the temporary git global config as a safe directory
digest	Run actions/checkout@v4	2026-01-05T19:33:01.8395590Z [command]/usr/bin/git config --global --add safe.directory /home/runner/work/ai-news-digest/ai-news-digest
digest	Run actions/checkout@v4	2026-01-05T19:33:01.8434292Z Deleting the contents of '/home/runner/work/ai-news-digest/ai-news-digest'
digest	Run actions/checkout@v4	2026-01-05T19:33:01.8437860Z ##[group]Initializing the repository
digest	Run actions/checkout@v4	2026-01-05T19:33:01.8442104Z [command]/usr/bin/git init /home/runner/work/ai-news-digest/ai-news-digest
digest	Run actions/checkout@v4	2026-01-05T19:33:01.8540734Z hint: Using 'master' as the name for the initial branch. This default branch name
digest	Run actions/checkout@v4	2026-01-05T19:33:01.8542464Z hint: will change to "main" in Git 3.0. To configure the initial branch name
digest	Run actions/checkout@v4	2026-01-05T19:33:01.8544104Z hint: to use in all of your new repositories, which will suppress this warning,
digest	Run actions/checkout@v4	2026-01-05T19:33:01.8545461Z hint: call:
digest	Run actions/checkout@v4	2026-01-05T19:33:01.8546509Z hint:
digest	Run actions/checkout@v4	2026-01-05T19:33:01.8547426Z hint: 	git config --global init.defaultBranch <name>
digest	Run actions/checkout@v4	2026-01-05T19:33:01.8548560Z hint:
digest	Run actions/checkout@v4	2026-01-05T19:33:01.8549450Z hint: Names commonly chosen instead of 'master' are 'main', 'trunk' and
digest	Run actions/checkout@v4	2026-01-05T19:33:01.8550924Z hint: 'development'. The just-created branch can be renamed via this command:
digest	Run actions/checkout@v4	2026-01-05T19:33:01.8551668Z hint:
digest	Run actions/checkout@v4	2026-01-05T19:33:01.8552085Z hint: 	git branch -m <name>
digest	Run actions/checkout@v4	2026-01-05T19:33:01.8552538Z hint:
digest	Run actions/checkout@v4	2026-01-05T19:33:01.8553147Z hint: Disable this message with "git config set advice.defaultBranchName false"
digest	Run actions/checkout@v4	2026-01-05T19:33:01.8554659Z Initialized empty Git repository in /home/runner/work/ai-news-digest/ai-news-digest/.git/
digest	Run actions/checkout@v4	2026-01-05T19:33:01.8559538Z [command]/usr/bin/git remote add origin https://github.com/joshidikshant/ai-news-digest
digest	Run actions/checkout@v4	2026-01-05T19:33:01.8592547Z ##[endgroup]
digest	Run actions/checkout@v4	2026-01-05T19:33:01.8593363Z ##[group]Disabling automatic garbage collection
digest	Run actions/checkout@v4	2026-01-05T19:33:01.8596650Z [command]/usr/bin/git config --local gc.auto 0
digest	Run actions/checkout@v4	2026-01-05T19:33:01.8625118Z ##[endgroup]
digest	Run actions/checkout@v4	2026-01-05T19:33:01.8625805Z ##[group]Setting up auth
digest	Run actions/checkout@v4	2026-01-05T19:33:01.8632348Z [command]/usr/bin/git config --local --name-only --get-regexp core\.sshCommand
digest	Run actions/checkout@v4	2026-01-05T19:33:01.8664291Z [command]/usr/bin/git submodule foreach --recursive sh -c "git config --local --name-only --get-regexp 'core\.sshCommand' && git config --local --unset-all 'core.sshCommand' || :"
digest	Run actions/checkout@v4	2026-01-05T19:33:01.8999288Z [command]/usr/bin/git config --local --name-only --get-regexp http\.https\:\/\/github\.com\/\.extraheader
digest	Run actions/checkout@v4	2026-01-05T19:33:01.9028380Z [command]/usr/bin/git submodule foreach --recursive sh -c "git config --local --name-only --get-regexp 'http\.https\:\/\/github\.com\/\.extraheader' && git config --local --unset-all 'http.https://github.com/.extraheader' || :"
digest	Run actions/checkout@v4	2026-01-05T19:33:01.9251669Z [command]/usr/bin/git config --local --name-only --get-regexp ^includeIf\.gitdir:
digest	Run actions/checkout@v4	2026-01-05T19:33:01.9283896Z [command]/usr/bin/git submodule foreach --recursive git config --local --show-origin --name-only --get-regexp remote.origin.url
digest	Run actions/checkout@v4	2026-01-05T19:33:01.9517258Z [command]/usr/bin/git config --local http.https://github.com/.extraheader AUTHORIZATION: basic ***
digest	Run actions/checkout@v4	2026-01-05T19:33:01.9551352Z ##[endgroup]
digest	Run actions/checkout@v4	2026-01-05T19:33:01.9552708Z ##[group]Fetching the repository
digest	Run actions/checkout@v4	2026-01-05T19:33:01.9561574Z [command]/usr/bin/git -c protocol.version=2 fetch --no-tags --prune --no-recurse-submodules --depth=1 origin +26e0199522db428239b87e15ce6a077a9f3696ff:refs/remotes/origin/main
digest	Run actions/checkout@v4	2026-01-05T19:33:02.5237875Z From https://github.com/joshidikshant/ai-news-digest
digest	Run actions/checkout@v4	2026-01-05T19:33:02.5239822Z  * [new ref]         26e0199522db428239b87e15ce6a077a9f3696ff -> origin/main
digest	Run actions/checkout@v4	2026-01-05T19:33:02.5276403Z ##[endgroup]
digest	Run actions/checkout@v4	2026-01-05T19:33:02.5277849Z ##[group]Determining the checkout info
digest	Run actions/checkout@v4	2026-01-05T19:33:02.5279491Z ##[endgroup]
digest	Run actions/checkout@v4	2026-01-05T19:33:02.5285557Z [command]/usr/bin/git sparse-checkout disable
digest	Run actions/checkout@v4	2026-01-05T19:33:02.5336496Z [command]/usr/bin/git config --local --unset-all extensions.worktreeConfig
digest	Run actions/checkout@v4	2026-01-05T19:33:02.5369210Z ##[group]Checking out the ref
digest	Run actions/checkout@v4	2026-01-05T19:33:02.5373893Z [command]/usr/bin/git checkout --progress --force -B main refs/remotes/origin/main
digest	Run actions/checkout@v4	2026-01-05T19:33:02.6065631Z Switched to a new branch 'main'
digest	Run actions/checkout@v4	2026-01-05T19:33:02.6067089Z branch 'main' set up to track 'origin/main'.
digest	Run actions/checkout@v4	2026-01-05T19:33:02.6078620Z ##[endgroup]
digest	Run actions/checkout@v4	2026-01-05T19:33:02.6118271Z [command]/usr/bin/git log -1 --format=%H
digest	Run actions/checkout@v4	2026-01-05T19:33:02.6142897Z 26e0199522db428239b87e15ce6a077a9f3696ff
digest	Set up Python	ï»¿2026-01-05T19:33:02.6471069Z ##[group]Run actions/setup-python@v5
digest	Set up Python	2026-01-05T19:33:02.6472355Z with:
digest	Set up Python	2026-01-05T19:33:02.6473243Z   python-version: 3.11
digest	Set up Python	2026-01-05T19:33:02.6474268Z   check-latest: false
digest	Set up Python	2026-01-05T19:33:02.6475573Z   token: ***
digest	Set up Python	2026-01-05T19:33:02.6476523Z   update-environment: true
digest	Set up Python	2026-01-05T19:33:02.6477635Z   allow-prereleases: false
digest	Set up Python	2026-01-05T19:33:02.6478686Z   freethreaded: false
digest	Set up Python	2026-01-05T19:33:02.6479657Z ##[endgroup]
digest	Set up Python	2026-01-05T19:33:02.8259536Z ##[group]Installed versions
digest	Set up Python	2026-01-05T19:33:02.8375861Z Successfully set up CPython (3.11.14)
digest	Set up Python	2026-01-05T19:33:02.8377438Z ##[endgroup]
digest	Install dependencies	ï»¿2026-01-05T19:33:02.8504261Z ##[group]Run pip install -r requirements.txt
digest	Install dependencies	2026-01-05T19:33:02.8504833Z [36;1mpip install -r requirements.txt[0m
digest	Install dependencies	2026-01-05T19:33:02.8561790Z shell: /usr/bin/bash -e {0}
digest	Install dependencies	2026-01-05T19:33:02.8562225Z env:
digest	Install dependencies	2026-01-05T19:33:02.8562592Z   pythonLocation: /opt/hostedtoolcache/Python/3.11.14/x64
digest	Install dependencies	2026-01-05T19:33:02.8563096Z   PKG_CONFIG_PATH: /opt/hostedtoolcache/Python/3.11.14/x64/lib/pkgconfig
digest	Install dependencies	2026-01-05T19:33:02.8563634Z   Python_ROOT_DIR: /opt/hostedtoolcache/Python/3.11.14/x64
digest	Install dependencies	2026-01-05T19:33:02.8564110Z   Python2_ROOT_DIR: /opt/hostedtoolcache/Python/3.11.14/x64
digest	Install dependencies	2026-01-05T19:33:02.8564547Z   Python3_ROOT_DIR: /opt/hostedtoolcache/Python/3.11.14/x64
digest	Install dependencies	2026-01-05T19:33:02.8564995Z   LD_LIBRARY_PATH: /opt/hostedtoolcache/Python/3.11.14/x64/lib
digest	Install dependencies	2026-01-05T19:33:02.8565411Z ##[endgroup]
digest	Install dependencies	2026-01-05T19:33:03.6408703Z ERROR: Ignored the following yanked versions: 1.7.3, 1.7.4, 1.7.5, 1.7.6, 1.7.7, 1.7.8, 1.8.0, 1.8.1, 1.9.0, 1.9.1
digest	Install dependencies	2026-01-05T19:33:03.6410716Z ERROR: Could not find a version that satisfies the requirement discord.py-self>=2.3.0 (from versions: 1.9.2, 2.0.0, 2.0.1)
digest	Install dependencies	2026-01-05T19:33:03.7410135Z ERROR: No matching distribution found for discord.py-self>=2.3.0
digest	Install dependencies	2026-01-05T19:33:03.7794360Z ##[error]Process completed with exit code 1.
digest	Post Run actions/checkout@v4	ï»¿2026-01-05T19:33:03.8025653Z Post job cleanup.
digest	Post Run actions/checkout@v4	2026-01-05T19:33:03.8968380Z [command]/usr/bin/git version
digest	Post Run actions/checkout@v4	2026-01-05T19:33:03.9005551Z git version 2.52.0
digest	Post Run actions/checkout@v4	2026-01-05T19:33:03.9049879Z Temporarily overriding HOME='/home/runner/work/_temp/f444ba23-290b-484e-91e9-ced9e6af7186' before making global git config changes
digest	Post Run actions/checkout@v4	2026-01-05T19:33:03.9051637Z Adding repository directory to the temporary git global config as a safe directory
digest	Post Run actions/checkout@v4	2026-01-05T19:33:03.9056755Z [command]/usr/bin/git config --global --add safe.directory /home/runner/work/ai-news-digest/ai-news-digest
digest	Post Run actions/checkout@v4	2026-01-05T19:33:03.9095996Z [command]/usr/bin/git config --local --name-only --get-regexp core\.sshCommand
digest	Post Run actions/checkout@v4	2026-01-05T19:33:03.9130365Z [command]/usr/bin/git submodule foreach --recursive sh -c "git config --local --name-only --get-regexp 'core\.sshCommand' && git config --local --unset-all 'core.sshCommand' || :"
digest	Post Run actions/checkout@v4	2026-01-05T19:33:03.9375116Z [command]/usr/bin/git config --local --name-only --get-regexp http\.https\:\/\/github\.com\/\.extraheader
digest	Post Run actions/checkout@v4	2026-01-05T19:33:03.9397173Z http.https://github.com/.extraheader
digest	Post Run actions/checkout@v4	2026-01-05T19:33:03.9410272Z [command]/usr/bin/git config --local --unset-all http.https://github.com/.extraheader
digest	Post Run actions/checkout@v4	2026-01-05T19:33:03.9441421Z [command]/usr/bin/git submodule foreach --recursive sh -c "git config --local --name-only --get-regexp 'http\.https\:\/\/github\.com\/\.extraheader' && git config --local --unset-all 'http.https://github.com/.extraheader' || :"
digest	Post Run actions/checkout@v4	2026-01-05T19:33:03.9663281Z [command]/usr/bin/git config --local --name-only --get-regexp ^includeIf\.gitdir:
digest	Post Run actions/checkout@v4	2026-01-05T19:33:03.9693610Z [command]/usr/bin/git submodule foreach --recursive git config --local --show-origin --name-only --get-regexp remote.origin.url
digest	Complete job	ï»¿2026-01-05T19:33:04.0032749Z Cleaning up orphan processes
