digest	Set up job	ï»¿2026-01-05T19:34:41.8588223Z Current runner version: '2.330.0'
digest	Set up job	2026-01-05T19:34:41.8612962Z ##[group]Runner Image Provisioner
digest	Set up job	2026-01-05T19:34:41.8613805Z Hosted Compute Agent
digest	Set up job	2026-01-05T19:34:41.8614296Z Version: 20251211.462
digest	Set up job	2026-01-05T19:34:41.8615063Z Commit: 6cbad8c2bb55d58165063d031ccabf57e2d2db61
digest	Set up job	2026-01-05T19:34:41.8615690Z Build Date: 2025-12-11T16:28:49Z
digest	Set up job	2026-01-05T19:34:41.8616285Z Worker ID: {7fabcf60-114a-4c51-85e0-b8fb4f3855e4}
digest	Set up job	2026-01-05T19:34:41.8616928Z ##[endgroup]
digest	Set up job	2026-01-05T19:34:41.8617360Z ##[group]Operating System
digest	Set up job	2026-01-05T19:34:41.8617876Z Ubuntu
digest	Set up job	2026-01-05T19:34:41.8618325Z 24.04.3
digest	Set up job	2026-01-05T19:34:41.8618769Z LTS
digest	Set up job	2026-01-05T19:34:41.8619240Z ##[endgroup]
digest	Set up job	2026-01-05T19:34:41.8619672Z ##[group]Runner Image
digest	Set up job	2026-01-05T19:34:41.8620187Z Image: ubuntu-24.04
digest	Set up job	2026-01-05T19:34:41.8620696Z Version: 20251215.174.1
digest	Set up job	2026-01-05T19:34:41.8621600Z Included Software: https://github.com/actions/runner-images/blob/ubuntu24/20251215.174/images/ubuntu/Ubuntu2404-Readme.md
digest	Set up job	2026-01-05T19:34:41.8622788Z Image Release: https://github.com/actions/runner-images/releases/tag/ubuntu24%2F20251215.174
digest	Set up job	2026-01-05T19:34:41.8623888Z ##[endgroup]
digest	Set up job	2026-01-05T19:34:41.8624817Z ##[group]GITHUB_TOKEN Permissions
digest	Set up job	2026-01-05T19:34:41.8627017Z Contents: write
digest	Set up job	2026-01-05T19:34:41.8627537Z Metadata: read
digest	Set up job	2026-01-05T19:34:41.8628056Z ##[endgroup]
digest	Set up job	2026-01-05T19:34:41.8630125Z Secret source: Actions
digest	Set up job	2026-01-05T19:34:41.8630837Z Prepare workflow directory
digest	Set up job	2026-01-05T19:34:41.8973743Z Prepare all required actions
digest	Set up job	2026-01-05T19:34:41.9028431Z Getting action download info
digest	Set up job	2026-01-05T19:34:42.2930252Z Download action repository 'actions/checkout@v4' (SHA:34e114876b0b11c390a56381ad16ebd13914f8d5)
digest	Set up job	2026-01-05T19:34:42.3768706Z Download action repository 'actions/setup-python@v5' (SHA:a26af69be951a213d495a4c3e4e4022e16d87065)
digest	Set up job	2026-01-05T19:34:42.5279447Z Complete job name: digest
digest	Run actions/checkout@v4	ï»¿2026-01-05T19:34:42.5902389Z ##[group]Run actions/checkout@v4
digest	Run actions/checkout@v4	2026-01-05T19:34:42.5903235Z with:
digest	Run actions/checkout@v4	2026-01-05T19:34:42.5903809Z   repository: joshidikshant/ai-news-digest
digest	Run actions/checkout@v4	2026-01-05T19:34:42.5904593Z   token: ***
digest	Run actions/checkout@v4	2026-01-05T19:34:42.5905134Z   ssh-strict: true
digest	Run actions/checkout@v4	2026-01-05T19:34:42.5905654Z   ssh-user: git
digest	Run actions/checkout@v4	2026-01-05T19:34:42.5906123Z   persist-credentials: true
digest	Run actions/checkout@v4	2026-01-05T19:34:42.5906620Z   clean: true
digest	Run actions/checkout@v4	2026-01-05T19:34:42.5907102Z   sparse-checkout-cone-mode: true
digest	Run actions/checkout@v4	2026-01-05T19:34:42.5907579Z   fetch-depth: 1
digest	Run actions/checkout@v4	2026-01-05T19:34:42.5908028Z   fetch-tags: false
digest	Run actions/checkout@v4	2026-01-05T19:34:42.5908499Z   show-progress: true
digest	Run actions/checkout@v4	2026-01-05T19:34:42.5908956Z   lfs: false
digest	Run actions/checkout@v4	2026-01-05T19:34:42.5909364Z   submodules: false
digest	Run actions/checkout@v4	2026-01-05T19:34:42.5909825Z   set-safe-directory: true
digest	Run actions/checkout@v4	2026-01-05T19:34:42.5910582Z ##[endgroup]
digest	Run actions/checkout@v4	2026-01-05T19:34:42.6950889Z Syncing repository: joshidikshant/ai-news-digest
digest	Run actions/checkout@v4	2026-01-05T19:34:42.6952955Z ##[group]Getting Git version info
digest	Run actions/checkout@v4	2026-01-05T19:34:42.6953737Z Working directory is '/home/runner/work/ai-news-digest/ai-news-digest'
digest	Run actions/checkout@v4	2026-01-05T19:34:42.6955297Z [command]/usr/bin/git version
digest	Run actions/checkout@v4	2026-01-05T19:34:42.7031968Z git version 2.52.0
digest	Run actions/checkout@v4	2026-01-05T19:34:42.7059081Z ##[endgroup]
digest	Run actions/checkout@v4	2026-01-05T19:34:42.7072624Z Temporarily overriding HOME='/home/runner/work/_temp/79822e5f-0e28-4901-9ca4-91ab2af0eebd' before making global git config changes
digest	Run actions/checkout@v4	2026-01-05T19:34:42.7074252Z Adding repository directory to the temporary git global config as a safe directory
digest	Run actions/checkout@v4	2026-01-05T19:34:42.7086010Z [command]/usr/bin/git config --global --add safe.directory /home/runner/work/ai-news-digest/ai-news-digest
digest	Run actions/checkout@v4	2026-01-05T19:34:42.7121893Z Deleting the contents of '/home/runner/work/ai-news-digest/ai-news-digest'
digest	Run actions/checkout@v4	2026-01-05T19:34:42.7124649Z ##[group]Initializing the repository
digest	Run actions/checkout@v4	2026-01-05T19:34:42.7128606Z [command]/usr/bin/git init /home/runner/work/ai-news-digest/ai-news-digest
digest	Run actions/checkout@v4	2026-01-05T19:34:42.7243073Z hint: Using 'master' as the name for the initial branch. This default branch name
digest	Run actions/checkout@v4	2026-01-05T19:34:42.7244777Z hint: will change to "main" in Git 3.0. To configure the initial branch name
digest	Run actions/checkout@v4	2026-01-05T19:34:42.7246480Z hint: to use in all of your new repositories, which will suppress this warning,
digest	Run actions/checkout@v4	2026-01-05T19:34:42.7247400Z hint: call:
digest	Run actions/checkout@v4	2026-01-05T19:34:42.7248026Z hint:
digest	Run actions/checkout@v4	2026-01-05T19:34:42.7248570Z hint: 	git config --global init.defaultBranch <name>
digest	Run actions/checkout@v4	2026-01-05T19:34:42.7249204Z hint:
digest	Run actions/checkout@v4	2026-01-05T19:34:42.7249772Z hint: Names commonly chosen instead of 'master' are 'main', 'trunk' and
digest	Run actions/checkout@v4	2026-01-05T19:34:42.7251040Z hint: 'development'. The just-created branch can be renamed via this command:
digest	Run actions/checkout@v4	2026-01-05T19:34:42.7251800Z hint:
digest	Run actions/checkout@v4	2026-01-05T19:34:42.7252245Z hint: 	git branch -m <name>
digest	Run actions/checkout@v4	2026-01-05T19:34:42.7354028Z hint:
digest	Run actions/checkout@v4	2026-01-05T19:34:42.7355615Z hint: Disable this message with "git config set advice.defaultBranchName false"
digest	Run actions/checkout@v4	2026-01-05T19:34:42.7356894Z Initialized empty Git repository in /home/runner/work/ai-news-digest/ai-news-digest/.git/
digest	Run actions/checkout@v4	2026-01-05T19:34:42.7359703Z [command]/usr/bin/git remote add origin https://github.com/joshidikshant/ai-news-digest
digest	Run actions/checkout@v4	2026-01-05T19:34:42.7361220Z ##[endgroup]
digest	Run actions/checkout@v4	2026-01-05T19:34:42.7361906Z ##[group]Disabling automatic garbage collection
digest	Run actions/checkout@v4	2026-01-05T19:34:42.7362467Z [command]/usr/bin/git config --local gc.auto 0
digest	Run actions/checkout@v4	2026-01-05T19:34:42.7363666Z ##[endgroup]
digest	Run actions/checkout@v4	2026-01-05T19:34:42.7364264Z ##[group]Setting up auth
digest	Run actions/checkout@v4	2026-01-05T19:34:42.7365015Z [command]/usr/bin/git config --local --name-only --get-regexp core\.sshCommand
digest	Run actions/checkout@v4	2026-01-05T19:34:42.7367009Z [command]/usr/bin/git submodule foreach --recursive sh -c "git config --local --name-only --get-regexp 'core\.sshCommand' && git config --local --unset-all 'core.sshCommand' || :"
digest	Run actions/checkout@v4	2026-01-05T19:34:42.7685877Z [command]/usr/bin/git config --local --name-only --get-regexp http\.https\:\/\/github\.com\/\.extraheader
digest	Run actions/checkout@v4	2026-01-05T19:34:42.7712343Z [command]/usr/bin/git submodule foreach --recursive sh -c "git config --local --name-only --get-regexp 'http\.https\:\/\/github\.com\/\.extraheader' && git config --local --unset-all 'http.https://github.com/.extraheader' || :"
digest	Run actions/checkout@v4	2026-01-05T19:34:42.7887010Z [command]/usr/bin/git config --local --name-only --get-regexp ^includeIf\.gitdir:
digest	Run actions/checkout@v4	2026-01-05T19:34:42.7914576Z [command]/usr/bin/git submodule foreach --recursive git config --local --show-origin --name-only --get-regexp remote.origin.url
digest	Run actions/checkout@v4	2026-01-05T19:34:42.8096754Z [command]/usr/bin/git config --local http.https://github.com/.extraheader AUTHORIZATION: basic ***
digest	Run actions/checkout@v4	2026-01-05T19:34:42.8123603Z ##[endgroup]
digest	Run actions/checkout@v4	2026-01-05T19:34:42.8124353Z ##[group]Fetching the repository
digest	Run actions/checkout@v4	2026-01-05T19:34:42.8132783Z [command]/usr/bin/git -c protocol.version=2 fetch --no-tags --prune --no-recurse-submodules --depth=1 origin +ed0686a0a2704b8222702db036c1921a9cde2626:refs/remotes/origin/main
digest	Run actions/checkout@v4	2026-01-05T19:34:43.7121722Z From https://github.com/joshidikshant/ai-news-digest
digest	Run actions/checkout@v4	2026-01-05T19:34:43.7126614Z  * [new ref]         ed0686a0a2704b8222702db036c1921a9cde2626 -> origin/main
digest	Run actions/checkout@v4	2026-01-05T19:34:43.7148728Z ##[endgroup]
digest	Run actions/checkout@v4	2026-01-05T19:34:43.7149924Z ##[group]Determining the checkout info
digest	Run actions/checkout@v4	2026-01-05T19:34:43.7151314Z ##[endgroup]
digest	Run actions/checkout@v4	2026-01-05T19:34:43.7156416Z [command]/usr/bin/git sparse-checkout disable
digest	Run actions/checkout@v4	2026-01-05T19:34:43.7191497Z [command]/usr/bin/git config --local --unset-all extensions.worktreeConfig
digest	Run actions/checkout@v4	2026-01-05T19:34:43.7214444Z ##[group]Checking out the ref
digest	Run actions/checkout@v4	2026-01-05T19:34:43.7219887Z [command]/usr/bin/git checkout --progress --force -B main refs/remotes/origin/main
digest	Run actions/checkout@v4	2026-01-05T19:34:43.7771704Z Switched to a new branch 'main'
digest	Run actions/checkout@v4	2026-01-05T19:34:43.7773170Z branch 'main' set up to track 'origin/main'.
digest	Run actions/checkout@v4	2026-01-05T19:34:43.7779437Z ##[endgroup]
digest	Run actions/checkout@v4	2026-01-05T19:34:43.7811486Z [command]/usr/bin/git log -1 --format=%H
digest	Run actions/checkout@v4	2026-01-05T19:34:43.7831357Z ed0686a0a2704b8222702db036c1921a9cde2626
digest	Set up Python	ï»¿2026-01-05T19:34:43.8122580Z ##[group]Run actions/setup-python@v5
digest	Set up Python	2026-01-05T19:34:43.8123761Z with:
digest	Set up Python	2026-01-05T19:34:43.8124598Z   python-version: 3.11
digest	Set up Python	2026-01-05T19:34:43.8125685Z   check-latest: false
digest	Set up Python	2026-01-05T19:34:43.8126923Z   token: ***
digest	Set up Python	2026-01-05T19:34:43.8127809Z   update-environment: true
digest	Set up Python	2026-01-05T19:34:43.8128850Z   allow-prereleases: false
digest	Set up Python	2026-01-05T19:34:43.8129860Z   freethreaded: false
digest	Set up Python	2026-01-05T19:34:43.8130771Z ##[endgroup]
digest	Set up Python	2026-01-05T19:34:43.9701464Z ##[group]Installed versions
digest	Set up Python	2026-01-05T19:34:43.9801006Z Successfully set up CPython (3.11.14)
digest	Set up Python	2026-01-05T19:34:43.9804181Z ##[endgroup]
digest	Install dependencies	ï»¿2026-01-05T19:34:43.9932475Z ##[group]Run pip install -r requirements.txt
digest	Install dependencies	2026-01-05T19:34:43.9933837Z [36;1mpip install -r requirements.txt[0m
digest	Install dependencies	2026-01-05T19:34:43.9971981Z shell: /usr/bin/bash -e {0}
digest	Install dependencies	2026-01-05T19:34:43.9973010Z env:
digest	Install dependencies	2026-01-05T19:34:43.9974037Z   pythonLocation: /opt/hostedtoolcache/Python/3.11.14/x64
digest	Install dependencies	2026-01-05T19:34:43.9975775Z   PKG_CONFIG_PATH: /opt/hostedtoolcache/Python/3.11.14/x64/lib/pkgconfig
digest	Install dependencies	2026-01-05T19:34:43.9977327Z   Python_ROOT_DIR: /opt/hostedtoolcache/Python/3.11.14/x64
digest	Install dependencies	2026-01-05T19:34:43.9978735Z   Python2_ROOT_DIR: /opt/hostedtoolcache/Python/3.11.14/x64
digest	Install dependencies	2026-01-05T19:34:43.9980137Z   Python3_ROOT_DIR: /opt/hostedtoolcache/Python/3.11.14/x64
digest	Install dependencies	2026-01-05T19:34:43.9981630Z   LD_LIBRARY_PATH: /opt/hostedtoolcache/Python/3.11.14/x64/lib
digest	Install dependencies	2026-01-05T19:34:43.9982831Z ##[endgroup]
digest	Install dependencies	2026-01-05T19:34:44.7739697Z Collecting discord.py-self (from -r requirements.txt (line 1))
digest	Install dependencies	2026-01-05T19:34:44.8639195Z   Downloading discord.py_self-2.0.1-py3-none-any.whl.metadata (6.5 kB)
digest	Install dependencies	2026-01-05T19:34:44.9656917Z Collecting openai>=1.0.0 (from -r requirements.txt (line 2))
digest	Install dependencies	2026-01-05T19:34:44.9761389Z   Downloading openai-2.14.0-py3-none-any.whl.metadata (29 kB)
digest	Install dependencies	2026-01-05T19:34:45.0113402Z Collecting notion-client>=2.0.0 (from -r requirements.txt (line 3))
digest	Install dependencies	2026-01-05T19:34:45.0223522Z   Downloading notion_client-2.7.0-py2.py3-none-any.whl.metadata (14 kB)
digest	Install dependencies	2026-01-05T19:34:45.0812825Z Collecting pyyaml>=6.0 (from -r requirements.txt (line 4))
digest	Install dependencies	2026-01-05T19:34:45.0918669Z   Downloading pyyaml-6.0.3-cp311-cp311-manylinux2014_x86_64.manylinux_2_17_x86_64.manylinux_2_28_x86_64.whl.metadata (2.4 kB)
digest	Install dependencies	2026-01-05T19:34:45.1130928Z Collecting python-dateutil>=2.8.0 (from -r requirements.txt (line 5))
digest	Install dependencies	2026-01-05T19:34:45.1240035Z   Downloading python_dateutil-2.9.0.post0-py2.py3-none-any.whl.metadata (8.4 kB)
digest	Install dependencies	2026-01-05T19:34:45.6468362Z Collecting aiohttp<4,>=3.7.4 (from discord.py-self->-r requirements.txt (line 1))
digest	Install dependencies	2026-01-05T19:34:45.6570460Z   Downloading aiohttp-3.13.3-cp311-cp311-manylinux2014_x86_64.manylinux_2_17_x86_64.manylinux_2_28_x86_64.whl.metadata (8.1 kB)
digest	Install dependencies	2026-01-05T19:34:45.6761584Z Collecting discord-protos<1.0.0 (from discord.py-self->-r requirements.txt (line 1))
digest	Install dependencies	2026-01-05T19:34:45.6868277Z   Downloading discord-protos-0.0.2.tar.gz (13 kB)
digest	Install dependencies	2026-01-05T19:34:45.6967906Z   Installing build dependencies: started
digest	Install dependencies	2026-01-05T19:34:46.6052991Z   Installing build dependencies: finished with status 'done'
digest	Install dependencies	2026-01-05T19:34:46.6059165Z   Getting requirements to build wheel: started
digest	Install dependencies	2026-01-05T19:34:46.9328712Z   Getting requirements to build wheel: finished with status 'done'
digest	Install dependencies	2026-01-05T19:34:46.9335036Z   Preparing metadata (pyproject.toml): started
digest	Install dependencies	2026-01-05T19:34:47.0970666Z   Preparing metadata (pyproject.toml): finished with status 'done'
digest	Install dependencies	2026-01-05T19:34:47.1183540Z Collecting aiohappyeyeballs>=2.5.0 (from aiohttp<4,>=3.7.4->discord.py-self->-r requirements.txt (line 1))
digest	Install dependencies	2026-01-05T19:34:47.1284702Z   Downloading aiohappyeyeballs-2.6.1-py3-none-any.whl.metadata (5.9 kB)
digest	Install dependencies	2026-01-05T19:34:47.1463403Z Collecting aiosignal>=1.4.0 (from aiohttp<4,>=3.7.4->discord.py-self->-r requirements.txt (line 1))
digest	Install dependencies	2026-01-05T19:34:47.1562403Z   Downloading aiosignal-1.4.0-py3-none-any.whl.metadata (3.7 kB)
digest	Install dependencies	2026-01-05T19:34:47.1785776Z Collecting attrs>=17.3.0 (from aiohttp<4,>=3.7.4->discord.py-self->-r requirements.txt (line 1))
digest	Install dependencies	2026-01-05T19:34:47.1890786Z   Downloading attrs-25.4.0-py3-none-any.whl.metadata (10 kB)
digest	Install dependencies	2026-01-05T19:34:47.2611461Z Collecting frozenlist>=1.1.1 (from aiohttp<4,>=3.7.4->discord.py-self->-r requirements.txt (line 1))
digest	Install dependencies	2026-01-05T19:34:47.2725163Z   Downloading frozenlist-1.8.0-cp311-cp311-manylinux1_x86_64.manylinux_2_28_x86_64.manylinux_2_5_x86_64.whl.metadata (20 kB)
digest	Install dependencies	2026-01-05T19:34:47.4910891Z Collecting multidict<7.0,>=4.5 (from aiohttp<4,>=3.7.4->discord.py-self->-r requirements.txt (line 1))
digest	Install dependencies	2026-01-05T19:34:47.5020583Z   Downloading multidict-6.7.0-cp311-cp311-manylinux2014_x86_64.manylinux_2_17_x86_64.manylinux_2_28_x86_64.whl.metadata (5.3 kB)
digest	Install dependencies	2026-01-05T19:34:47.5844076Z Collecting propcache>=0.2.0 (from aiohttp<4,>=3.7.4->discord.py-self->-r requirements.txt (line 1))
digest	Install dependencies	2026-01-05T19:34:47.5952520Z   Downloading propcache-0.4.1-cp311-cp311-manylinux2014_x86_64.manylinux_2_17_x86_64.manylinux_2_28_x86_64.whl.metadata (13 kB)
digest	Install dependencies	2026-01-05T19:34:47.8311358Z Collecting yarl<2.0,>=1.17.0 (from aiohttp<4,>=3.7.4->discord.py-self->-r requirements.txt (line 1))
digest	Install dependencies	2026-01-05T19:34:47.8414466Z   Downloading yarl-1.22.0-cp311-cp311-manylinux2014_x86_64.manylinux_2_17_x86_64.manylinux_2_28_x86_64.whl.metadata (75 kB)
digest	Install dependencies	2026-01-05T19:34:48.0359680Z Collecting protobuf (from discord-protos<1.0.0->discord.py-self->-r requirements.txt (line 1))
digest	Install dependencies	2026-01-05T19:34:48.0469800Z   Downloading protobuf-6.33.2-cp39-abi3-manylinux2014_x86_64.whl.metadata (593 bytes)
digest	Install dependencies	2026-01-05T19:34:48.0683078Z Collecting idna>=2.0 (from yarl<2.0,>=1.17.0->aiohttp<4,>=3.7.4->discord.py-self->-r requirements.txt (line 1))
digest	Install dependencies	2026-01-05T19:34:48.0791902Z   Downloading idna-3.11-py3-none-any.whl.metadata (8.4 kB)
digest	Install dependencies	2026-01-05T19:34:48.1161733Z Collecting anyio<5,>=3.5.0 (from openai>=1.0.0->-r requirements.txt (line 2))
digest	Install dependencies	2026-01-05T19:34:48.1265612Z   Downloading anyio-4.12.0-py3-none-any.whl.metadata (4.3 kB)
digest	Install dependencies	2026-01-05T19:34:48.1448946Z Collecting distro<2,>=1.7.0 (from openai>=1.0.0->-r requirements.txt (line 2))
digest	Install dependencies	2026-01-05T19:34:48.1549620Z   Downloading distro-1.9.0-py3-none-any.whl.metadata (6.8 kB)
digest	Install dependencies	2026-01-05T19:34:48.1802929Z Collecting httpx<1,>=0.23.0 (from openai>=1.0.0->-r requirements.txt (line 2))
digest	Install dependencies	2026-01-05T19:34:48.1903061Z   Downloading httpx-0.28.1-py3-none-any.whl.metadata (7.1 kB)
digest	Install dependencies	2026-01-05T19:34:48.2615982Z Collecting jiter<1,>=0.10.0 (from openai>=1.0.0->-r requirements.txt (line 2))
digest	Install dependencies	2026-01-05T19:34:48.2719677Z   Downloading jiter-0.12.0-cp311-cp311-manylinux_2_17_x86_64.manylinux2014_x86_64.whl.metadata (5.2 kB)
digest	Install dependencies	2026-01-05T19:34:48.3914417Z Collecting pydantic<3,>=1.9.0 (from openai>=1.0.0->-r requirements.txt (line 2))
digest	Install dependencies	2026-01-05T19:34:48.4015056Z   Downloading pydantic-2.12.5-py3-none-any.whl.metadata (90 kB)
digest	Install dependencies	2026-01-05T19:34:48.4343010Z Collecting sniffio (from openai>=1.0.0->-r requirements.txt (line 2))
digest	Install dependencies	2026-01-05T19:34:48.4453169Z   Downloading sniffio-1.3.1-py3-none-any.whl.metadata (3.9 kB)
digest	Install dependencies	2026-01-05T19:34:48.4837222Z Collecting tqdm>4 (from openai>=1.0.0->-r requirements.txt (line 2))
digest	Install dependencies	2026-01-05T19:34:48.4945897Z   Downloading tqdm-4.67.1-py3-none-any.whl.metadata (57 kB)
digest	Install dependencies	2026-01-05T19:34:48.5272576Z Collecting typing-extensions<5,>=4.11 (from openai>=1.0.0->-r requirements.txt (line 2))
digest	Install dependencies	2026-01-05T19:34:48.5373867Z   Downloading typing_extensions-4.15.0-py3-none-any.whl.metadata (3.3 kB)
digest	Install dependencies	2026-01-05T19:34:48.5708049Z Collecting certifi (from httpx<1,>=0.23.0->openai>=1.0.0->-r requirements.txt (line 2))
digest	Install dependencies	2026-01-05T19:34:48.5810904Z   Downloading certifi-2026.1.4-py3-none-any.whl.metadata (2.5 kB)
digest	Install dependencies	2026-01-05T19:34:48.6057403Z Collecting httpcore==1.* (from httpx<1,>=0.23.0->openai>=1.0.0->-r requirements.txt (line 2))
digest	Install dependencies	2026-01-05T19:34:48.6159924Z   Downloading httpcore-1.0.9-py3-none-any.whl.metadata (21 kB)
digest	Install dependencies	2026-01-05T19:34:48.6366900Z Collecting h11>=0.16 (from httpcore==1.*->httpx<1,>=0.23.0->openai>=1.0.0->-r requirements.txt (line 2))
digest	Install dependencies	2026-01-05T19:34:48.6468218Z   Downloading h11-0.16.0-py3-none-any.whl.metadata (8.3 kB)
digest	Install dependencies	2026-01-05T19:34:48.6662381Z Collecting annotated-types>=0.6.0 (from pydantic<3,>=1.9.0->openai>=1.0.0->-r requirements.txt (line 2))
digest	Install dependencies	2026-01-05T19:34:48.6763441Z   Downloading annotated_types-0.7.0-py3-none-any.whl.metadata (15 kB)
digest	Install dependencies	2026-01-05T19:34:49.3416439Z Collecting pydantic-core==2.41.5 (from pydantic<3,>=1.9.0->openai>=1.0.0->-r requirements.txt (line 2))
digest	Install dependencies	2026-01-05T19:34:49.3520185Z   Downloading pydantic_core-2.41.5-cp311-cp311-manylinux_2_17_x86_64.manylinux2014_x86_64.whl.metadata (7.3 kB)
digest	Install dependencies	2026-01-05T19:34:49.3737632Z Collecting typing-inspection>=0.4.2 (from pydantic<3,>=1.9.0->openai>=1.0.0->-r requirements.txt (line 2))
digest	Install dependencies	2026-01-05T19:34:49.3839256Z   Downloading typing_inspection-0.4.2-py3-none-any.whl.metadata (2.6 kB)
digest	Install dependencies	2026-01-05T19:34:49.4073972Z Collecting six>=1.5 (from python-dateutil>=2.8.0->-r requirements.txt (line 5))
digest	Install dependencies	2026-01-05T19:34:49.4175036Z   Downloading six-1.17.0-py2.py3-none-any.whl.metadata (1.7 kB)
digest	Install dependencies	2026-01-05T19:34:49.4536636Z Downloading discord.py_self-2.0.1-py3-none-any.whl (1.1 MB)
digest	Install dependencies	2026-01-05T19:34:49.5707822Z    â”â”â”â”â”â”â”â”â”â”â”â”â”â”â”â”â”â”â”â”â”â”â”â”â”â”â”â”â”â”â”â”â”â”â”â”â”â”â”â” 1.1/1.1 MB 10.9 MB/s  0:00:00
digest	Install dependencies	2026-01-05T19:34:49.5828176Z Downloading aiohttp-3.13.3-cp311-cp311-manylinux2014_x86_64.manylinux_2_17_x86_64.manylinux_2_28_x86_64.whl (1.7 MB)
digest	Install dependencies	2026-01-05T19:34:49.6848512Z    â”â”â”â”â”â”â”â”â”â”â”â”â”â”â”â”â”â”â”â”â”â”â”â”â”â”â”â”â”â”â”â”â”â”â”â”â”â”â”â” 1.7/1.7 MB 18.0 MB/s  0:00:00
digest	Install dependencies	2026-01-05T19:34:49.6953685Z Downloading multidict-6.7.0-cp311-cp311-manylinux2014_x86_64.manylinux_2_17_x86_64.manylinux_2_28_x86_64.whl (246 kB)
digest	Install dependencies	2026-01-05T19:34:49.7174546Z Downloading yarl-1.22.0-cp311-cp311-manylinux2014_x86_64.manylinux_2_17_x86_64.manylinux_2_28_x86_64.whl (365 kB)
digest	Install dependencies	2026-01-05T19:34:49.7421501Z Downloading openai-2.14.0-py3-none-any.whl (1.1 MB)
digest	Install dependencies	2026-01-05T19:34:49.7821136Z    â”â”â”â”â”â”â”â”â”â”â”â”â”â”â”â”â”â”â”â”â”â”â”â”â”â”â”â”â”â”â”â”â”â”â”â”â”â”â”â” 1.1/1.1 MB 27.4 MB/s  0:00:00
digest	Install dependencies	2026-01-05T19:34:49.7927052Z Downloading anyio-4.12.0-py3-none-any.whl (113 kB)
digest	Install dependencies	2026-01-05T19:34:49.8072331Z Downloading distro-1.9.0-py3-none-any.whl (20 kB)
digest	Install dependencies	2026-01-05T19:34:49.8195833Z Downloading httpx-0.28.1-py3-none-any.whl (73 kB)
digest	Install dependencies	2026-01-05T19:34:49.8336399Z Downloading httpcore-1.0.9-py3-none-any.whl (78 kB)
digest	Install dependencies	2026-01-05T19:34:49.8477961Z Downloading jiter-0.12.0-cp311-cp311-manylinux_2_17_x86_64.manylinux2014_x86_64.whl (364 kB)
digest	Install dependencies	2026-01-05T19:34:49.8694492Z Downloading pydantic-2.12.5-py3-none-any.whl (463 kB)
digest	Install dependencies	2026-01-05T19:34:49.8932170Z Downloading pydantic_core-2.41.5-cp311-cp311-manylinux_2_17_x86_64.manylinux2014_x86_64.whl (2.1 MB)
digest	Install dependencies	2026-01-05T19:34:49.9445172Z    â”â”â”â”â”â”â”â”â”â”â”â”â”â”â”â”â”â”â”â”â”â”â”â”â”â”â”â”â”â”â”â”â”â”â”â”â”â”â”â” 2.1/2.1 MB 39.8 MB/s  0:00:00
digest	Install dependencies	2026-01-05T19:34:49.9547617Z Downloading typing_extensions-4.15.0-py3-none-any.whl (44 kB)
digest	Install dependencies	2026-01-05T19:34:49.9684522Z Downloading notion_client-2.7.0-py2.py3-none-any.whl (16 kB)
digest	Install dependencies	2026-01-05T19:34:49.9808771Z Downloading pyyaml-6.0.3-cp311-cp311-manylinux2014_x86_64.manylinux_2_17_x86_64.manylinux_2_28_x86_64.whl (806 kB)
digest	Install dependencies	2026-01-05T19:34:49.9985653Z    â”â”â”â”â”â”â”â”â”â”â”â”â”â”â”â”â”â”â”â”â”â”â”â”â”â”â”â”â”â”â”â”â”â”â”â”â”â”â”â” 806.6/806.6 kB 42.0 MB/s  0:00:00
digest	Install dependencies	2026-01-05T19:34:50.0087152Z Downloading python_dateutil-2.9.0.post0-py2.py3-none-any.whl (229 kB)
digest	Install dependencies	2026-01-05T19:34:50.0236389Z Downloading aiohappyeyeballs-2.6.1-py3-none-any.whl (15 kB)
digest	Install dependencies	2026-01-05T19:34:50.0363029Z Downloading aiosignal-1.4.0-py3-none-any.whl (7.5 kB)
digest	Install dependencies	2026-01-05T19:34:50.0483545Z Downloading annotated_types-0.7.0-py3-none-any.whl (13 kB)
digest	Install dependencies	2026-01-05T19:34:50.0602935Z Downloading attrs-25.4.0-py3-none-any.whl (67 kB)
digest	Install dependencies	2026-01-05T19:34:50.0730278Z Downloading frozenlist-1.8.0-cp311-cp311-manylinux1_x86_64.manylinux_2_28_x86_64.manylinux_2_5_x86_64.whl (231 kB)
digest	Install dependencies	2026-01-05T19:34:50.0877591Z Downloading h11-0.16.0-py3-none-any.whl (37 kB)
digest	Install dependencies	2026-01-05T19:34:50.0997358Z Downloading idna-3.11-py3-none-any.whl (71 kB)
digest	Install dependencies	2026-01-05T19:34:50.1125065Z Downloading propcache-0.4.1-cp311-cp311-manylinux2014_x86_64.manylinux_2_17_x86_64.manylinux_2_28_x86_64.whl (210 kB)
digest	Install dependencies	2026-01-05T19:34:50.1263946Z Downloading six-1.17.0-py2.py3-none-any.whl (11 kB)
digest	Install dependencies	2026-01-05T19:34:50.1388834Z Downloading tqdm-4.67.1-py3-none-any.whl (78 kB)
digest	Install dependencies	2026-01-05T19:34:50.1512731Z Downloading typing_inspection-0.4.2-py3-none-any.whl (14 kB)
digest	Install dependencies	2026-01-05T19:34:50.1636016Z Downloading certifi-2026.1.4-py3-none-any.whl (152 kB)
digest	Install dependencies	2026-01-05T19:34:50.1775347Z Downloading protobuf-6.33.2-cp39-abi3-manylinux2014_x86_64.whl (323 kB)
digest	Install dependencies	2026-01-05T19:34:50.1961019Z Downloading sniffio-1.3.1-py3-none-any.whl (10 kB)
digest	Install dependencies	2026-01-05T19:34:50.2294314Z Building wheels for collected packages: discord-protos
digest	Install dependencies	2026-01-05T19:34:50.2300028Z   Building wheel for discord-protos (pyproject.toml): started
digest	Install dependencies	2026-01-05T19:34:50.4094194Z   Building wheel for discord-protos (pyproject.toml): finished with status 'done'
digest	Install dependencies	2026-01-05T19:34:50.4100996Z   Created wheel for discord-protos: filename=discord_protos-0.0.2-py3-none-any.whl size=14046 sha256=f87c43e5f37e3a721fd5798a1c212229d2679ee3a35a7fbd83a2ba467f3ae8b5
digest	Install dependencies	2026-01-05T19:34:50.4103686Z   Stored in directory: /home/runner/.cache/pip/wheels/7b/6d/00/883c299f98ea46d8a7b71f50904faeec52941f930530351c00
digest	Install dependencies	2026-01-05T19:34:50.4121389Z Successfully built discord-protos
digest	Install dependencies	2026-01-05T19:34:50.4607343Z Installing collected packages: typing-extensions, tqdm, sniffio, six, pyyaml, protobuf, propcache, multidict, jiter, idna, h11, frozenlist, distro, certifi, attrs, annotated-types, aiohappyeyeballs, yarl, typing-inspection, python-dateutil, pydantic-core, httpcore, discord-protos, anyio, aiosignal, pydantic, httpx, aiohttp, openai, notion-client, discord.py-self
digest	Install dependencies	2026-01-05T19:34:52.3505400Z 
digest	Install dependencies	2026-01-05T19:34:52.3525812Z Successfully installed aiohappyeyeballs-2.6.1 aiohttp-3.13.3 aiosignal-1.4.0 annotated-types-0.7.0 anyio-4.12.0 attrs-25.4.0 certifi-2026.1.4 discord-protos-0.0.2 discord.py-self-2.0.1 distro-1.9.0 frozenlist-1.8.0 h11-0.16.0 httpcore-1.0.9 httpx-0.28.1 idna-3.11 jiter-0.12.0 multidict-6.7.0 notion-client-2.7.0 openai-2.14.0 propcache-0.4.1 protobuf-6.33.2 pydantic-2.12.5 pydantic-core-2.41.5 python-dateutil-2.9.0.post0 pyyaml-6.0.3 six-1.17.0 sniffio-1.3.1 tqdm-4.67.1 typing-extensions-4.15.0 typing-inspection-0.4.2 yarl-1.22.0
digest	Fetch Discord messages	ï»¿2026-01-05T19:34:52.8806928Z ##[group]Run python discord_fetch.py
digest	Fetch Discord messages	2026-01-05T19:34:52.8807255Z [36;1mpython discord_fetch.py[0m
digest	Fetch Discord messages	2026-01-05T19:34:52.8828128Z shell: /usr/bin/bash -e {0}
digest	Fetch Discord messages	2026-01-05T19:34:52.8828370Z env:
digest	Fetch Discord messages	2026-01-05T19:34:52.8828624Z   pythonLocation: /opt/hostedtoolcache/Python/3.11.14/x64
digest	Fetch Discord messages	2026-01-05T19:34:52.8829028Z   PKG_CONFIG_PATH: /opt/hostedtoolcache/Python/3.11.14/x64/lib/pkgconfig
digest	Fetch Discord messages	2026-01-05T19:34:52.8829422Z   Python_ROOT_DIR: /opt/hostedtoolcache/Python/3.11.14/x64
digest	Fetch Discord messages	2026-01-05T19:34:52.8829773Z   Python2_ROOT_DIR: /opt/hostedtoolcache/Python/3.11.14/x64
digest	Fetch Discord messages	2026-01-05T19:34:52.8830123Z   Python3_ROOT_DIR: /opt/hostedtoolcache/Python/3.11.14/x64
digest	Fetch Discord messages	2026-01-05T19:34:52.8830469Z   LD_LIBRARY_PATH: /opt/hostedtoolcache/Python/3.11.14/x64/lib
digest	Fetch Discord messages	2026-01-05T19:34:52.8831105Z   DISCORD_TOKEN: ***
digest	Fetch Discord messages	2026-01-05T19:34:52.8831304Z ##[endgroup]
digest	Fetch Discord messages	2026-01-05T19:34:53.2883890Z Traceback (most recent call last):
digest	Fetch Discord messages	2026-01-05T19:34:53.2892343Z   File "/home/runner/work/ai-news-digest/ai-news-digest/discord_fetch.py", line 182, in <module>
digest	Fetch Discord messages	2026-01-05T19:34:53.2892993Z     main()
digest	Fetch Discord messages	2026-01-05T19:34:53.2893459Z   File "/home/runner/work/ai-news-digest/ai-news-digest/discord_fetch.py", line 178, in main
digest	Fetch Discord messages	2026-01-05T19:34:53.2893993Z     fetcher = DiscordFetcher(config, data_manager)
digest	Fetch Discord messages	2026-01-05T19:34:53.2894364Z               ^^^^^^^^^^^^^^^^^^^^^^^^^^^^^^^^^^^^
digest	Fetch Discord messages	2026-01-05T19:34:53.2895140Z   File "/home/runner/work/ai-news-digest/ai-news-digest/discord_fetch.py", line 100, in __init__
digest	Fetch Discord messages	2026-01-05T19:34:53.2895680Z     intents = discord.Intents.default()
digest	Fetch Discord messages	2026-01-05T19:34:53.2895980Z               ^^^^^^^^^^^^^^^
digest	Fetch Discord messages	2026-01-05T19:34:53.2896329Z AttributeError: module 'discord' has no attribute 'Intents'
digest	Fetch Discord messages	2026-01-05T19:34:53.3312214Z ##[error]Process completed with exit code 1.
digest	Post Run actions/checkout@v4	ï»¿2026-01-05T19:34:53.3429313Z Post job cleanup.
digest	Post Run actions/checkout@v4	2026-01-05T19:34:53.4307191Z [command]/usr/bin/git version
digest	Post Run actions/checkout@v4	2026-01-05T19:34:53.4339313Z git version 2.52.0
digest	Post Run actions/checkout@v4	2026-01-05T19:34:53.4379101Z Temporarily overriding HOME='/home/runner/work/_temp/a6293155-a0be-422f-8ce4-7587c5ce170d' before making global git config changes
digest	Post Run actions/checkout@v4	2026-01-05T19:34:53.4380284Z Adding repository directory to the temporary git global config as a safe directory
digest	Post Run actions/checkout@v4	2026-01-05T19:34:53.4393527Z [command]/usr/bin/git config --global --add safe.directory /home/runner/work/ai-news-digest/ai-news-digest
digest	Post Run actions/checkout@v4	2026-01-05T19:34:53.4423721Z [command]/usr/bin/git config --local --name-only --get-regexp core\.sshCommand
digest	Post Run actions/checkout@v4	2026-01-05T19:34:53.4451337Z [command]/usr/bin/git submodule foreach --recursive sh -c "git config --local --name-only --get-regexp 'core\.sshCommand' && git config --local --unset-all 'core.sshCommand' || :"
digest	Post Run actions/checkout@v4	2026-01-05T19:34:53.4634272Z [command]/usr/bin/git config --local --name-only --get-regexp http\.https\:\/\/github\.com\/\.extraheader
digest	Post Run actions/checkout@v4	2026-01-05T19:34:53.4653176Z http.https://github.com/.extraheader
digest	Post Run actions/checkout@v4	2026-01-05T19:34:53.4665049Z [command]/usr/bin/git config --local --unset-all http.https://github.com/.extraheader
digest	Post Run actions/checkout@v4	2026-01-05T19:34:53.4690238Z [command]/usr/bin/git submodule foreach --recursive sh -c "git config --local --name-only --get-regexp 'http\.https\:\/\/github\.com\/\.extraheader' && git config --local --unset-all 'http.https://github.com/.extraheader' || :"
digest	Post Run actions/checkout@v4	2026-01-05T19:34:53.4877265Z [command]/usr/bin/git config --local --name-only --get-regexp ^includeIf\.gitdir:
digest	Post Run actions/checkout@v4	2026-01-05T19:34:53.4911246Z [command]/usr/bin/git submodule foreach --recursive git config --local --show-origin --name-only --get-regexp remote.origin.url
digest	Complete job	ï»¿2026-01-05T19:34:53.5194436Z Cleaning up orphan processes
