digest	Set up job	ï»¿2026-01-05T20:13:45.0178145Z Current runner version: '2.330.0'
digest	Set up job	2026-01-05T20:13:45.0211816Z ##[group]Runner Image Provisioner
digest	Set up job	2026-01-05T20:13:45.0213080Z Hosted Compute Agent
digest	Set up job	2026-01-05T20:13:45.0213988Z Version: 20251211.462
digest	Set up job	2026-01-05T20:13:45.0215452Z Commit: 6cbad8c2bb55d58165063d031ccabf57e2d2db61
digest	Set up job	2026-01-05T20:13:45.0216693Z Build Date: 2025-12-11T16:28:49Z
digest	Set up job	2026-01-05T20:13:45.0217698Z Worker ID: {6fc46d6b-7e8d-490e-909e-144a9fbc629a}
digest	Set up job	2026-01-05T20:13:45.0219026Z ##[endgroup]
digest	Set up job	2026-01-05T20:13:45.0219839Z ##[group]Operating System
digest	Set up job	2026-01-05T20:13:45.0220932Z Ubuntu
digest	Set up job	2026-01-05T20:13:45.0221758Z 24.04.3
digest	Set up job	2026-01-05T20:13:45.0222426Z LTS
digest	Set up job	2026-01-05T20:13:45.0223359Z ##[endgroup]
digest	Set up job	2026-01-05T20:13:45.0224220Z ##[group]Runner Image
digest	Set up job	2026-01-05T20:13:45.0225272Z Image: ubuntu-24.04
digest	Set up job	2026-01-05T20:13:45.0226317Z Version: 20251215.174.1
digest	Set up job	2026-01-05T20:13:45.0228140Z Included Software: https://github.com/actions/runner-images/blob/ubuntu24/20251215.174/images/ubuntu/Ubuntu2404-Readme.md
digest	Set up job	2026-01-05T20:13:45.0230599Z Image Release: https://github.com/actions/runner-images/releases/tag/ubuntu24%2F20251215.174
digest	Set up job	2026-01-05T20:13:45.0232526Z ##[endgroup]
digest	Set up job	2026-01-05T20:13:45.0234354Z ##[group]GITHUB_TOKEN Permissions
digest	Set up job	2026-01-05T20:13:45.0237043Z Contents: write
digest	Set up job	2026-01-05T20:13:45.0238085Z Metadata: read
digest	Set up job	2026-01-05T20:13:45.0238892Z ##[endgroup]
digest	Set up job	2026-01-05T20:13:45.0242181Z Secret source: Actions
digest	Set up job	2026-01-05T20:13:45.0243315Z Prepare workflow directory
digest	Set up job	2026-01-05T20:13:45.0692500Z Prepare all required actions
digest	Set up job	2026-01-05T20:13:45.0748263Z Getting action download info
digest	Set up job	2026-01-05T20:13:45.3597838Z Download action repository 'actions/checkout@v4' (SHA:34e114876b0b11c390a56381ad16ebd13914f8d5)
digest	Set up job	2026-01-05T20:13:45.8121929Z Download action repository 'actions/setup-python@v5' (SHA:a26af69be951a213d495a4c3e4e4022e16d87065)
digest	Set up job	2026-01-05T20:13:46.0391989Z Complete job name: digest
digest	Run actions/checkout@v4	ï»¿2026-01-05T20:13:46.1123338Z ##[group]Run actions/checkout@v4
digest	Run actions/checkout@v4	2026-01-05T20:13:46.1124252Z with:
digest	Run actions/checkout@v4	2026-01-05T20:13:46.1124754Z   repository: joshidikshant/ai-news-digest
digest	Run actions/checkout@v4	2026-01-05T20:13:46.1125734Z   token: ***
digest	Run actions/checkout@v4	2026-01-05T20:13:46.1126172Z   ssh-strict: true
digest	Run actions/checkout@v4	2026-01-05T20:13:46.1126608Z   ssh-user: git
digest	Run actions/checkout@v4	2026-01-05T20:13:46.1127052Z   persist-credentials: true
digest	Run actions/checkout@v4	2026-01-05T20:13:46.1127550Z   clean: true
digest	Run actions/checkout@v4	2026-01-05T20:13:46.1128001Z   sparse-checkout-cone-mode: true
digest	Run actions/checkout@v4	2026-01-05T20:13:46.1128537Z   fetch-depth: 1
digest	Run actions/checkout@v4	2026-01-05T20:13:46.1128973Z   fetch-tags: false
digest	Run actions/checkout@v4	2026-01-05T20:13:46.1129411Z   show-progress: true
digest	Run actions/checkout@v4	2026-01-05T20:13:46.1129860Z   lfs: false
digest	Run actions/checkout@v4	2026-01-05T20:13:46.1130284Z   submodules: false
digest	Run actions/checkout@v4	2026-01-05T20:13:46.1130738Z   set-safe-directory: true
digest	Run actions/checkout@v4	2026-01-05T20:13:46.1131491Z ##[endgroup]
digest	Run actions/checkout@v4	2026-01-05T20:13:46.2222863Z Syncing repository: joshidikshant/ai-news-digest
digest	Run actions/checkout@v4	2026-01-05T20:13:46.2224811Z ##[group]Getting Git version info
digest	Run actions/checkout@v4	2026-01-05T20:13:46.2225852Z Working directory is '/home/runner/work/ai-news-digest/ai-news-digest'
digest	Run actions/checkout@v4	2026-01-05T20:13:46.2227068Z [command]/usr/bin/git version
digest	Run actions/checkout@v4	2026-01-05T20:13:46.3260745Z git version 2.52.0
digest	Run actions/checkout@v4	2026-01-05T20:13:46.3287416Z ##[endgroup]
digest	Run actions/checkout@v4	2026-01-05T20:13:46.3301082Z Temporarily overriding HOME='/home/runner/work/_temp/8d63569d-2266-4a5e-948d-2cd0bdb6d57b' before making global git config changes
digest	Run actions/checkout@v4	2026-01-05T20:13:46.3313621Z Adding repository directory to the temporary git global config as a safe directory
digest	Run actions/checkout@v4	2026-01-05T20:13:46.3315265Z [command]/usr/bin/git config --global --add safe.directory /home/runner/work/ai-news-digest/ai-news-digest
digest	Run actions/checkout@v4	2026-01-05T20:13:46.3395170Z Deleting the contents of '/home/runner/work/ai-news-digest/ai-news-digest'
digest	Run actions/checkout@v4	2026-01-05T20:13:46.3398504Z ##[group]Initializing the repository
digest	Run actions/checkout@v4	2026-01-05T20:13:46.3402537Z [command]/usr/bin/git init /home/runner/work/ai-news-digest/ai-news-digest
digest	Run actions/checkout@v4	2026-01-05T20:13:46.3993489Z hint: Using 'master' as the name for the initial branch. This default branch name
digest	Run actions/checkout@v4	2026-01-05T20:13:46.3994749Z hint: will change to "main" in Git 3.0. To configure the initial branch name
digest	Run actions/checkout@v4	2026-01-05T20:13:46.3996078Z hint: to use in all of your new repositories, which will suppress this warning,
digest	Run actions/checkout@v4	2026-01-05T20:13:46.3996864Z hint: call:
digest	Run actions/checkout@v4	2026-01-05T20:13:46.3997543Z hint:
digest	Run actions/checkout@v4	2026-01-05T20:13:46.3998092Z hint: 	git config --global init.defaultBranch <name>
digest	Run actions/checkout@v4	2026-01-05T20:13:46.3998721Z hint:
digest	Run actions/checkout@v4	2026-01-05T20:13:46.3999308Z hint: Names commonly chosen instead of 'master' are 'main', 'trunk' and
digest	Run actions/checkout@v4	2026-01-05T20:13:46.4000266Z hint: 'development'. The just-created branch can be renamed via this command:
digest	Run actions/checkout@v4	2026-01-05T20:13:46.4001031Z hint:
digest	Run actions/checkout@v4	2026-01-05T20:13:46.4001494Z hint: 	git branch -m <name>
digest	Run actions/checkout@v4	2026-01-05T20:13:46.4001983Z hint:
digest	Run actions/checkout@v4	2026-01-05T20:13:46.4002620Z hint: Disable this message with "git config set advice.defaultBranchName false"
digest	Run actions/checkout@v4	2026-01-05T20:13:46.4038255Z Initialized empty Git repository in /home/runner/work/ai-news-digest/ai-news-digest/.git/
digest	Run actions/checkout@v4	2026-01-05T20:13:46.4049912Z [command]/usr/bin/git remote add origin https://github.com/joshidikshant/ai-news-digest
digest	Run actions/checkout@v4	2026-01-05T20:13:46.4141227Z ##[endgroup]
digest	Run actions/checkout@v4	2026-01-05T20:13:46.4142123Z ##[group]Disabling automatic garbage collection
digest	Run actions/checkout@v4	2026-01-05T20:13:46.4145338Z [command]/usr/bin/git config --local gc.auto 0
digest	Run actions/checkout@v4	2026-01-05T20:13:46.4173005Z ##[endgroup]
digest	Run actions/checkout@v4	2026-01-05T20:13:46.4173771Z ##[group]Setting up auth
digest	Run actions/checkout@v4	2026-01-05T20:13:46.4179939Z [command]/usr/bin/git config --local --name-only --get-regexp core\.sshCommand
digest	Run actions/checkout@v4	2026-01-05T20:13:46.4208773Z [command]/usr/bin/git submodule foreach --recursive sh -c "git config --local --name-only --get-regexp 'core\.sshCommand' && git config --local --unset-all 'core.sshCommand' || :"
digest	Run actions/checkout@v4	2026-01-05T20:13:46.5859849Z [command]/usr/bin/git config --local --name-only --get-regexp http\.https\:\/\/github\.com\/\.extraheader
digest	Run actions/checkout@v4	2026-01-05T20:13:46.5891439Z [command]/usr/bin/git submodule foreach --recursive sh -c "git config --local --name-only --get-regexp 'http\.https\:\/\/github\.com\/\.extraheader' && git config --local --unset-all 'http.https://github.com/.extraheader' || :"
digest	Run actions/checkout@v4	2026-01-05T20:13:46.6110203Z [command]/usr/bin/git config --local --name-only --get-regexp ^includeIf\.gitdir:
digest	Run actions/checkout@v4	2026-01-05T20:13:46.6141925Z [command]/usr/bin/git submodule foreach --recursive git config --local --show-origin --name-only --get-regexp remote.origin.url
digest	Run actions/checkout@v4	2026-01-05T20:13:46.6369142Z [command]/usr/bin/git config --local http.https://github.com/.extraheader AUTHORIZATION: basic ***
digest	Run actions/checkout@v4	2026-01-05T20:13:46.6402734Z ##[endgroup]
digest	Run actions/checkout@v4	2026-01-05T20:13:46.6404750Z ##[group]Fetching the repository
digest	Run actions/checkout@v4	2026-01-05T20:13:46.6412299Z [command]/usr/bin/git -c protocol.version=2 fetch --no-tags --prune --no-recurse-submodules --depth=1 origin +615e3083eaad7d34f46974b4a24e10ce0e648033:refs/remotes/origin/main
digest	Run actions/checkout@v4	2026-01-05T20:13:47.2075721Z From https://github.com/joshidikshant/ai-news-digest
digest	Run actions/checkout@v4	2026-01-05T20:13:47.2078250Z  * [new ref]         615e3083eaad7d34f46974b4a24e10ce0e648033 -> origin/main
digest	Run actions/checkout@v4	2026-01-05T20:13:47.2157694Z ##[endgroup]
digest	Run actions/checkout@v4	2026-01-05T20:13:47.2159829Z ##[group]Determining the checkout info
digest	Run actions/checkout@v4	2026-01-05T20:13:47.2161843Z ##[endgroup]
digest	Run actions/checkout@v4	2026-01-05T20:13:47.2163384Z [command]/usr/bin/git sparse-checkout disable
digest	Run actions/checkout@v4	2026-01-05T20:13:47.2278410Z [command]/usr/bin/git config --local --unset-all extensions.worktreeConfig
digest	Run actions/checkout@v4	2026-01-05T20:13:47.2306421Z ##[group]Checking out the ref
digest	Run actions/checkout@v4	2026-01-05T20:13:47.2309505Z [command]/usr/bin/git checkout --progress --force -B main refs/remotes/origin/main
digest	Run actions/checkout@v4	2026-01-05T20:13:47.3018295Z Switched to a new branch 'main'
digest	Run actions/checkout@v4	2026-01-05T20:13:47.3020103Z branch 'main' set up to track 'origin/main'.
digest	Run actions/checkout@v4	2026-01-05T20:13:47.3032354Z ##[endgroup]
digest	Run actions/checkout@v4	2026-01-05T20:13:47.3068157Z [command]/usr/bin/git log -1 --format=%H
digest	Run actions/checkout@v4	2026-01-05T20:13:47.3090049Z 615e3083eaad7d34f46974b4a24e10ce0e648033
digest	Set up Python	ï»¿2026-01-05T20:13:47.3419074Z ##[group]Run actions/setup-python@v5
digest	Set up Python	2026-01-05T20:13:47.3420225Z with:
digest	Set up Python	2026-01-05T20:13:47.3421003Z   python-version: 3.11
digest	Set up Python	2026-01-05T20:13:47.3421921Z   check-latest: false
digest	Set up Python	2026-01-05T20:13:47.3423069Z   token: ***
digest	Set up Python	2026-01-05T20:13:47.3423900Z   update-environment: true
digest	Set up Python	2026-01-05T20:13:47.3424909Z   allow-prereleases: false
digest	Set up Python	2026-01-05T20:13:47.3426065Z   freethreaded: false
digest	Set up Python	2026-01-05T20:13:47.3426942Z ##[endgroup]
digest	Set up Python	2026-01-05T20:13:47.5117259Z ##[group]Installed versions
digest	Set up Python	2026-01-05T20:13:47.5737476Z Successfully set up CPython (3.11.14)
digest	Set up Python	2026-01-05T20:13:47.5740300Z ##[endgroup]
digest	Install dependencies	ï»¿2026-01-05T20:13:47.5886042Z ##[group]Run pip uninstall -y discord discord.py 2>/dev/null || true
digest	Install dependencies	2026-01-05T20:13:47.5888037Z [36;1mpip uninstall -y discord discord.py 2>/dev/null || true[0m
digest	Install dependencies	2026-01-05T20:13:47.5889590Z [36;1mpip install -r requirements.txt[0m
digest	Install dependencies	2026-01-05T20:13:47.6085870Z shell: /usr/bin/bash -e {0}
digest	Install dependencies	2026-01-05T20:13:47.6086864Z env:
digest	Install dependencies	2026-01-05T20:13:47.6087877Z   pythonLocation: /opt/hostedtoolcache/Python/3.11.14/x64
digest	Install dependencies	2026-01-05T20:13:47.6089655Z   PKG_CONFIG_PATH: /opt/hostedtoolcache/Python/3.11.14/x64/lib/pkgconfig
digest	Install dependencies	2026-01-05T20:13:47.6091451Z   Python_ROOT_DIR: /opt/hostedtoolcache/Python/3.11.14/x64
digest	Install dependencies	2026-01-05T20:13:47.6093055Z   Python2_ROOT_DIR: /opt/hostedtoolcache/Python/3.11.14/x64
digest	Install dependencies	2026-01-05T20:13:47.6094667Z   Python3_ROOT_DIR: /opt/hostedtoolcache/Python/3.11.14/x64
digest	Install dependencies	2026-01-05T20:13:47.6096478Z   LD_LIBRARY_PATH: /opt/hostedtoolcache/Python/3.11.14/x64/lib
digest	Install dependencies	2026-01-05T20:13:47.6097823Z ##[endgroup]
digest	Install dependencies	2026-01-05T20:13:51.0066886Z Collecting discord.py-self (from -r requirements.txt (line 1))
digest	Install dependencies	2026-01-05T20:13:51.0749323Z   Downloading discord.py_self-2.0.1-py3-none-any.whl.metadata (6.5 kB)
digest	Install dependencies	2026-01-05T20:13:51.1676133Z Collecting openai>=1.0.0 (from -r requirements.txt (line 2))
digest	Install dependencies	2026-01-05T20:13:51.1751244Z   Downloading openai-2.14.0-py3-none-any.whl.metadata (29 kB)
digest	Install dependencies	2026-01-05T20:13:51.2049944Z Collecting notion-client>=2.0.0 (from -r requirements.txt (line 3))
digest	Install dependencies	2026-01-05T20:13:51.2125684Z   Downloading notion_client-2.7.0-py2.py3-none-any.whl.metadata (14 kB)
digest	Install dependencies	2026-01-05T20:13:51.2710348Z Collecting pyyaml>=6.0 (from -r requirements.txt (line 4))
digest	Install dependencies	2026-01-05T20:13:51.2791971Z   Downloading pyyaml-6.0.3-cp311-cp311-manylinux2014_x86_64.manylinux_2_17_x86_64.manylinux_2_28_x86_64.whl.metadata (2.4 kB)
digest	Install dependencies	2026-01-05T20:13:51.2996745Z Collecting python-dateutil>=2.8.0 (from -r requirements.txt (line 5))
digest	Install dependencies	2026-01-05T20:13:51.3067270Z   Downloading python_dateutil-2.9.0.post0-py2.py3-none-any.whl.metadata (8.4 kB)
digest	Install dependencies	2026-01-05T20:13:51.8684153Z Collecting aiohttp<4,>=3.7.4 (from discord.py-self->-r requirements.txt (line 1))
digest	Install dependencies	2026-01-05T20:13:51.8756461Z   Downloading aiohttp-3.13.3-cp311-cp311-manylinux2014_x86_64.manylinux_2_17_x86_64.manylinux_2_28_x86_64.whl.metadata (8.1 kB)
digest	Install dependencies	2026-01-05T20:13:51.8906693Z Collecting discord-protos<1.0.0 (from discord.py-self->-r requirements.txt (line 1))
digest	Install dependencies	2026-01-05T20:13:51.8993490Z   Downloading discord-protos-0.0.2.tar.gz (13 kB)
digest	Install dependencies	2026-01-05T20:13:51.9094567Z   Installing build dependencies: started
digest	Install dependencies	2026-01-05T20:13:53.3287689Z   Installing build dependencies: finished with status 'done'
digest	Install dependencies	2026-01-05T20:13:53.3292905Z   Getting requirements to build wheel: started
digest	Install dependencies	2026-01-05T20:13:53.6965634Z   Getting requirements to build wheel: finished with status 'done'
digest	Install dependencies	2026-01-05T20:13:53.6973821Z   Preparing metadata (pyproject.toml): started
digest	Install dependencies	2026-01-05T20:13:53.8763699Z   Preparing metadata (pyproject.toml): finished with status 'done'
digest	Install dependencies	2026-01-05T20:13:53.8956948Z Collecting aiohappyeyeballs>=2.5.0 (from aiohttp<4,>=3.7.4->discord.py-self->-r requirements.txt (line 1))
digest	Install dependencies	2026-01-05T20:13:53.9030458Z   Downloading aiohappyeyeballs-2.6.1-py3-none-any.whl.metadata (5.9 kB)
digest	Install dependencies	2026-01-05T20:13:53.9178018Z Collecting aiosignal>=1.4.0 (from aiohttp<4,>=3.7.4->discord.py-self->-r requirements.txt (line 1))
digest	Install dependencies	2026-01-05T20:13:53.9249574Z   Downloading aiosignal-1.4.0-py3-none-any.whl.metadata (3.7 kB)
digest	Install dependencies	2026-01-05T20:13:53.9452785Z Collecting attrs>=17.3.0 (from aiohttp<4,>=3.7.4->discord.py-self->-r requirements.txt (line 1))
digest	Install dependencies	2026-01-05T20:13:53.9524028Z   Downloading attrs-25.4.0-py3-none-any.whl.metadata (10 kB)
digest	Install dependencies	2026-01-05T20:13:54.0273332Z Collecting frozenlist>=1.1.1 (from aiohttp<4,>=3.7.4->discord.py-self->-r requirements.txt (line 1))
digest	Install dependencies	2026-01-05T20:13:54.0349275Z   Downloading frozenlist-1.8.0-cp311-cp311-manylinux1_x86_64.manylinux_2_28_x86_64.manylinux_2_5_x86_64.whl.metadata (20 kB)
digest	Install dependencies	2026-01-05T20:13:54.2819127Z Collecting multidict<7.0,>=4.5 (from aiohttp<4,>=3.7.4->discord.py-self->-r requirements.txt (line 1))
digest	Install dependencies	2026-01-05T20:13:54.2902602Z   Downloading multidict-6.7.0-cp311-cp311-manylinux2014_x86_64.manylinux_2_17_x86_64.manylinux_2_28_x86_64.whl.metadata (5.3 kB)
digest	Install dependencies	2026-01-05T20:13:54.3753849Z Collecting propcache>=0.2.0 (from aiohttp<4,>=3.7.4->discord.py-self->-r requirements.txt (line 1))
digest	Install dependencies	2026-01-05T20:13:54.3841565Z   Downloading propcache-0.4.1-cp311-cp311-manylinux2014_x86_64.manylinux_2_17_x86_64.manylinux_2_28_x86_64.whl.metadata (13 kB)
digest	Install dependencies	2026-01-05T20:13:54.6427533Z Collecting yarl<2.0,>=1.17.0 (from aiohttp<4,>=3.7.4->discord.py-self->-r requirements.txt (line 1))
digest	Install dependencies	2026-01-05T20:13:54.6501568Z   Downloading yarl-1.22.0-cp311-cp311-manylinux2014_x86_64.manylinux_2_17_x86_64.manylinux_2_28_x86_64.whl.metadata (75 kB)
digest	Install dependencies	2026-01-05T20:13:54.8596725Z Collecting protobuf (from discord-protos<1.0.0->discord.py-self->-r requirements.txt (line 1))
digest	Install dependencies	2026-01-05T20:13:54.8673849Z   Downloading protobuf-6.33.2-cp39-abi3-manylinux2014_x86_64.whl.metadata (593 bytes)
digest	Install dependencies	2026-01-05T20:13:54.8872847Z Collecting idna>=2.0 (from yarl<2.0,>=1.17.0->aiohttp<4,>=3.7.4->discord.py-self->-r requirements.txt (line 1))
digest	Install dependencies	2026-01-05T20:13:54.8954260Z   Downloading idna-3.11-py3-none-any.whl.metadata (8.4 kB)
digest	Install dependencies	2026-01-05T20:13:54.9323224Z Collecting anyio<5,>=3.5.0 (from openai>=1.0.0->-r requirements.txt (line 2))
digest	Install dependencies	2026-01-05T20:13:54.9406697Z   Downloading anyio-4.12.0-py3-none-any.whl.metadata (4.3 kB)
digest	Install dependencies	2026-01-05T20:13:54.9575721Z Collecting distro<2,>=1.7.0 (from openai>=1.0.0->-r requirements.txt (line 2))
digest	Install dependencies	2026-01-05T20:13:54.9655210Z   Downloading distro-1.9.0-py3-none-any.whl.metadata (6.8 kB)
digest	Install dependencies	2026-01-05T20:13:54.9900283Z Collecting httpx<1,>=0.23.0 (from openai>=1.0.0->-r requirements.txt (line 2))
digest	Install dependencies	2026-01-05T20:13:54.9971905Z   Downloading httpx-0.28.1-py3-none-any.whl.metadata (7.1 kB)
digest	Install dependencies	2026-01-05T20:13:55.0736856Z Collecting jiter<1,>=0.10.0 (from openai>=1.0.0->-r requirements.txt (line 2))
digest	Install dependencies	2026-01-05T20:13:55.0821310Z   Downloading jiter-0.12.0-cp311-cp311-manylinux_2_17_x86_64.manylinux2014_x86_64.whl.metadata (5.2 kB)
digest	Install dependencies	2026-01-05T20:13:55.2085818Z Collecting pydantic<3,>=1.9.0 (from openai>=1.0.0->-r requirements.txt (line 2))
digest	Install dependencies	2026-01-05T20:13:55.2162931Z   Downloading pydantic-2.12.5-py3-none-any.whl.metadata (90 kB)
digest	Install dependencies	2026-01-05T20:13:55.2462839Z Collecting sniffio (from openai>=1.0.0->-r requirements.txt (line 2))
digest	Install dependencies	2026-01-05T20:13:55.2534171Z   Downloading sniffio-1.3.1-py3-none-any.whl.metadata (3.9 kB)
digest	Install dependencies	2026-01-05T20:13:55.2928925Z Collecting tqdm>4 (from openai>=1.0.0->-r requirements.txt (line 2))
digest	Install dependencies	2026-01-05T20:13:55.3002527Z   Downloading tqdm-4.67.1-py3-none-any.whl.metadata (57 kB)
digest	Install dependencies	2026-01-05T20:13:55.3313125Z Collecting typing-extensions<5,>=4.11 (from openai>=1.0.0->-r requirements.txt (line 2))
digest	Install dependencies	2026-01-05T20:13:55.3383750Z   Downloading typing_extensions-4.15.0-py3-none-any.whl.metadata (3.3 kB)
digest	Install dependencies	2026-01-05T20:13:55.3707536Z Collecting certifi (from httpx<1,>=0.23.0->openai>=1.0.0->-r requirements.txt (line 2))
digest	Install dependencies	2026-01-05T20:13:55.3783783Z   Downloading certifi-2026.1.4-py3-none-any.whl.metadata (2.5 kB)
digest	Install dependencies	2026-01-05T20:13:55.4010064Z Collecting httpcore==1.* (from httpx<1,>=0.23.0->openai>=1.0.0->-r requirements.txt (line 2))
digest	Install dependencies	2026-01-05T20:13:55.4082066Z   Downloading httpcore-1.0.9-py3-none-any.whl.metadata (21 kB)
digest	Install dependencies	2026-01-05T20:13:55.4275281Z Collecting h11>=0.16 (from httpcore==1.*->httpx<1,>=0.23.0->openai>=1.0.0->-r requirements.txt (line 2))
digest	Install dependencies	2026-01-05T20:13:55.4345956Z   Downloading h11-0.16.0-py3-none-any.whl.metadata (8.3 kB)
digest	Install dependencies	2026-01-05T20:13:55.4507318Z Collecting annotated-types>=0.6.0 (from pydantic<3,>=1.9.0->openai>=1.0.0->-r requirements.txt (line 2))
digest	Install dependencies	2026-01-05T20:13:55.4579504Z   Downloading annotated_types-0.7.0-py3-none-any.whl.metadata (15 kB)
digest	Install dependencies	2026-01-05T20:13:56.1960332Z Collecting pydantic-core==2.41.5 (from pydantic<3,>=1.9.0->openai>=1.0.0->-r requirements.txt (line 2))
digest	Install dependencies	2026-01-05T20:13:56.2043313Z   Downloading pydantic_core-2.41.5-cp311-cp311-manylinux_2_17_x86_64.manylinux2014_x86_64.whl.metadata (7.3 kB)
digest	Install dependencies	2026-01-05T20:13:56.2227380Z Collecting typing-inspection>=0.4.2 (from pydantic<3,>=1.9.0->openai>=1.0.0->-r requirements.txt (line 2))
digest	Install dependencies	2026-01-05T20:13:56.2299089Z   Downloading typing_inspection-0.4.2-py3-none-any.whl.metadata (2.6 kB)
digest	Install dependencies	2026-01-05T20:13:56.2503231Z Collecting six>=1.5 (from python-dateutil>=2.8.0->-r requirements.txt (line 5))
digest	Install dependencies	2026-01-05T20:13:56.2575431Z   Downloading six-1.17.0-py2.py3-none-any.whl.metadata (1.7 kB)
digest	Install dependencies	2026-01-05T20:13:56.3043401Z Downloading discord.py_self-2.0.1-py3-none-any.whl (1.1 MB)
digest	Install dependencies	2026-01-05T20:13:56.3915617Z    â”â”â”â”â”â”â”â”â”â”â”â”â”â”â”â”â”â”â”â”â”â”â”â”â”â”â”â”â”â”â”â”â”â”â”â”â”â”â”â” 1.1/1.1 MB 14.2 MB/s  0:00:00
digest	Install dependencies	2026-01-05T20:13:56.3991236Z Downloading aiohttp-3.13.3-cp311-cp311-manylinux2014_x86_64.manylinux_2_17_x86_64.manylinux_2_28_x86_64.whl (1.7 MB)
digest	Install dependencies	2026-01-05T20:13:56.4716775Z    â”â”â”â”â”â”â”â”â”â”â”â”â”â”â”â”â”â”â”â”â”â”â”â”â”â”â”â”â”â”â”â”â”â”â”â”â”â”â”â” 1.7/1.7 MB 25.3 MB/s  0:00:00
digest	Install dependencies	2026-01-05T20:13:56.4793543Z Downloading multidict-6.7.0-cp311-cp311-manylinux2014_x86_64.manylinux_2_17_x86_64.manylinux_2_28_x86_64.whl (246 kB)
digest	Install dependencies	2026-01-05T20:13:56.4944418Z Downloading yarl-1.22.0-cp311-cp311-manylinux2014_x86_64.manylinux_2_17_x86_64.manylinux_2_28_x86_64.whl (365 kB)
digest	Install dependencies	2026-01-05T20:13:56.5119646Z Downloading openai-2.14.0-py3-none-any.whl (1.1 MB)
digest	Install dependencies	2026-01-05T20:13:56.5403460Z    â”â”â”â”â”â”â”â”â”â”â”â”â”â”â”â”â”â”â”â”â”â”â”â”â”â”â”â”â”â”â”â”â”â”â”â”â”â”â”â” 1.1/1.1 MB 38.8 MB/s  0:00:00
digest	Install dependencies	2026-01-05T20:13:56.5476357Z Downloading anyio-4.12.0-py3-none-any.whl (113 kB)
digest	Install dependencies	2026-01-05T20:13:56.5575419Z Downloading distro-1.9.0-py3-none-any.whl (20 kB)
digest	Install dependencies	2026-01-05T20:13:56.5672817Z Downloading httpx-0.28.1-py3-none-any.whl (73 kB)
digest	Install dependencies	2026-01-05T20:13:56.5765773Z Downloading httpcore-1.0.9-py3-none-any.whl (78 kB)
digest	Install dependencies	2026-01-05T20:13:56.5863190Z Downloading jiter-0.12.0-cp311-cp311-manylinux_2_17_x86_64.manylinux2014_x86_64.whl (364 kB)
digest	Install dependencies	2026-01-05T20:13:56.6028496Z Downloading pydantic-2.12.5-py3-none-any.whl (463 kB)
digest	Install dependencies	2026-01-05T20:13:56.6199274Z Downloading pydantic_core-2.41.5-cp311-cp311-manylinux_2_17_x86_64.manylinux2014_x86_64.whl (2.1 MB)
digest	Install dependencies	2026-01-05T20:13:56.6603301Z    â”â”â”â”â”â”â”â”â”â”â”â”â”â”â”â”â”â”â”â”â”â”â”â”â”â”â”â”â”â”â”â”â”â”â”â”â”â”â”â” 2.1/2.1 MB 50.1 MB/s  0:00:00
digest	Install dependencies	2026-01-05T20:13:56.6675409Z Downloading typing_extensions-4.15.0-py3-none-any.whl (44 kB)
digest	Install dependencies	2026-01-05T20:13:56.6768603Z Downloading notion_client-2.7.0-py2.py3-none-any.whl (16 kB)
digest	Install dependencies	2026-01-05T20:13:56.6859613Z Downloading pyyaml-6.0.3-cp311-cp311-manylinux2014_x86_64.manylinux_2_17_x86_64.manylinux_2_28_x86_64.whl (806 kB)
digest	Install dependencies	2026-01-05T20:13:56.6995908Z    â”â”â”â”â”â”â”â”â”â”â”â”â”â”â”â”â”â”â”â”â”â”â”â”â”â”â”â”â”â”â”â”â”â”â”â”â”â”â”â” 806.6/806.6 kB 54.3 MB/s  0:00:00
digest	Install dependencies	2026-01-05T20:13:56.7068005Z Downloading python_dateutil-2.9.0.post0-py2.py3-none-any.whl (229 kB)
digest	Install dependencies	2026-01-05T20:13:56.7181988Z Downloading aiohappyeyeballs-2.6.1-py3-none-any.whl (15 kB)
digest	Install dependencies	2026-01-05T20:13:56.7276032Z Downloading aiosignal-1.4.0-py3-none-any.whl (7.5 kB)
digest	Install dependencies	2026-01-05T20:13:56.7371655Z Downloading annotated_types-0.7.0-py3-none-any.whl (13 kB)
digest	Install dependencies	2026-01-05T20:13:56.7460390Z Downloading attrs-25.4.0-py3-none-any.whl (67 kB)
digest	Install dependencies	2026-01-05T20:13:56.7556438Z Downloading frozenlist-1.8.0-cp311-cp311-manylinux1_x86_64.manylinux_2_28_x86_64.manylinux_2_5_x86_64.whl (231 kB)
digest	Install dependencies	2026-01-05T20:13:56.7665337Z Downloading h11-0.16.0-py3-none-any.whl (37 kB)
digest	Install dependencies	2026-01-05T20:13:56.7764601Z Downloading idna-3.11-py3-none-any.whl (71 kB)
digest	Install dependencies	2026-01-05T20:13:56.7860937Z Downloading propcache-0.4.1-cp311-cp311-manylinux2014_x86_64.manylinux_2_17_x86_64.manylinux_2_28_x86_64.whl (210 kB)
digest	Install dependencies	2026-01-05T20:13:56.7967069Z Downloading six-1.17.0-py2.py3-none-any.whl (11 kB)
digest	Install dependencies	2026-01-05T20:13:56.8058922Z Downloading tqdm-4.67.1-py3-none-any.whl (78 kB)
digest	Install dependencies	2026-01-05T20:13:56.8180099Z Downloading typing_inspection-0.4.2-py3-none-any.whl (14 kB)
digest	Install dependencies	2026-01-05T20:13:56.8280097Z Downloading certifi-2026.1.4-py3-none-any.whl (152 kB)
digest	Install dependencies	2026-01-05T20:13:56.8380550Z Downloading protobuf-6.33.2-cp39-abi3-manylinux2014_x86_64.whl (323 kB)
digest	Install dependencies	2026-01-05T20:13:56.8497601Z Downloading sniffio-1.3.1-py3-none-any.whl (10 kB)
digest	Install dependencies	2026-01-05T20:13:56.8834760Z Building wheels for collected packages: discord-protos
digest	Install dependencies	2026-01-05T20:13:56.8842459Z   Building wheel for discord-protos (pyproject.toml): started
digest	Install dependencies	2026-01-05T20:13:57.0866387Z   Building wheel for discord-protos (pyproject.toml): finished with status 'done'
digest	Install dependencies	2026-01-05T20:13:57.0872563Z   Created wheel for discord-protos: filename=discord_protos-0.0.2-py3-none-any.whl size=14046 sha256=59f02bf64484e84bec3f35eb4e8183fa4a42b178a13d0807a4197cec1112729b
digest	Install dependencies	2026-01-05T20:13:57.0874694Z   Stored in directory: /home/runner/.cache/pip/wheels/7b/6d/00/883c299f98ea46d8a7b71f50904faeec52941f930530351c00
digest	Install dependencies	2026-01-05T20:13:57.0891636Z Successfully built discord-protos
digest	Install dependencies	2026-01-05T20:13:57.1431870Z Installing collected packages: typing-extensions, tqdm, sniffio, six, pyyaml, protobuf, propcache, multidict, jiter, idna, h11, frozenlist, distro, certifi, attrs, annotated-types, aiohappyeyeballs, yarl, typing-inspection, python-dateutil, pydantic-core, httpcore, discord-protos, anyio, aiosignal, pydantic, httpx, aiohttp, openai, notion-client, discord.py-self
digest	Install dependencies	2026-01-05T20:13:59.3787971Z 
digest	Install dependencies	2026-01-05T20:13:59.3809995Z Successfully installed aiohappyeyeballs-2.6.1 aiohttp-3.13.3 aiosignal-1.4.0 annotated-types-0.7.0 anyio-4.12.0 attrs-25.4.0 certifi-2026.1.4 discord-protos-0.0.2 discord.py-self-2.0.1 distro-1.9.0 frozenlist-1.8.0 h11-0.16.0 httpcore-1.0.9 httpx-0.28.1 idna-3.11 jiter-0.12.0 multidict-6.7.0 notion-client-2.7.0 openai-2.14.0 propcache-0.4.1 protobuf-6.33.2 pydantic-2.12.5 pydantic-core-2.41.5 python-dateutil-2.9.0.post0 pyyaml-6.0.3 six-1.17.0 sniffio-1.3.1 tqdm-4.67.1 typing-extensions-4.15.0 typing-inspection-0.4.2 yarl-1.22.0
digest	Install dependencies	2026-01-05T20:13:59.8257914Z ##[error]The operation was canceled.
digest	Post Run actions/checkout@v4	ï»¿2026-01-05T20:13:59.8382856Z Post job cleanup.
digest	Post Run actions/checkout@v4	2026-01-05T20:13:59.9342582Z [command]/usr/bin/git version
digest	Post Run actions/checkout@v4	2026-01-05T20:13:59.9378107Z git version 2.52.0
digest	Post Run actions/checkout@v4	2026-01-05T20:13:59.9420565Z Temporarily overriding HOME='/home/runner/work/_temp/63bde505-e0df-4926-94af-5dafc8170341' before making global git config changes
digest	Post Run actions/checkout@v4	2026-01-05T20:13:59.9421889Z Adding repository directory to the temporary git global config as a safe directory
digest	Post Run actions/checkout@v4	2026-01-05T20:13:59.9433152Z [command]/usr/bin/git config --global --add safe.directory /home/runner/work/ai-news-digest/ai-news-digest
digest	Post Run actions/checkout@v4	2026-01-05T20:13:59.9466603Z [command]/usr/bin/git config --local --name-only --get-regexp core\.sshCommand
digest	Post Run actions/checkout@v4	2026-01-05T20:13:59.9499712Z [command]/usr/bin/git submodule foreach --recursive sh -c "git config --local --name-only --get-regexp 'core\.sshCommand' && git config --local --unset-all 'core.sshCommand' || :"
digest	Post Run actions/checkout@v4	2026-01-05T20:13:59.9764579Z [command]/usr/bin/git config --local --name-only --get-regexp http\.https\:\/\/github\.com\/\.extraheader
digest	Post Run actions/checkout@v4	2026-01-05T20:13:59.9784524Z http.https://github.com/.extraheader
digest	Post Run actions/checkout@v4	2026-01-05T20:13:59.9796714Z [command]/usr/bin/git config --local --unset-all http.https://github.com/.extraheader
digest	Post Run actions/checkout@v4	2026-01-05T20:13:59.9827777Z [command]/usr/bin/git submodule foreach --recursive sh -c "git config --local --name-only --get-regexp 'http\.https\:\/\/github\.com\/\.extraheader' && git config --local --unset-all 'http.https://github.com/.extraheader' || :"
digest	Post Run actions/checkout@v4	2026-01-05T20:14:00.0048292Z [command]/usr/bin/git config --local --name-only --get-regexp ^includeIf\.gitdir:
digest	Post Run actions/checkout@v4	2026-01-05T20:14:00.0078453Z [command]/usr/bin/git submodule foreach --recursive git config --local --show-origin --name-only --get-regexp remote.origin.url
digest	Complete job	ï»¿2026-01-05T20:14:00.0420577Z Cleaning up orphan processes
